> Task :compileJava UP-TO-DATE
> Task :processResources UP-TO-DATE
> Task :classes UP-TO-DATE
> Task :resolveMainClassName

> Task :bootRun

  .   ____          _            __ _ _
 /\\ / ___'_ __ _ _(_)_ __  __ _ \ \ \ \
( ( )\___ | '_ | '_| | '_ \/ _` | \ \ \ \
 \\/  ___)| |_)| | | | | || (_| |  ) ) ) )
  '  |____| .__|_| |_|_| |_\__, | / / / /
 =========|_|==============|___/=/_/_/_/

 :: Spring Boot ::                (v4.0.0)

2026-01-30T08:41:26.413Z  INFO 10551 --- [jpcard] [           main] com.jpcard.JpcardApplication             : Starting JpcardApplication using Java 21.0.9 with PID 10551 (/app/backend/build/classes/java/main started by jules in /app/backend)
2026-01-30T08:41:26.420Z  INFO 10551 --- [jpcard] [           main] com.jpcard.JpcardApplication             : No active profile set, falling back to 1 default profile: "default"
2026-01-30T08:41:27.673Z  INFO 10551 --- [jpcard] [           main] .s.d.r.c.RepositoryConfigurationDelegate : Bootstrapping Spring Data JPA repositories in DEFAULT mode.
2026-01-30T08:41:27.835Z  INFO 10551 --- [jpcard] [           main] .s.d.r.c.RepositoryConfigurationDelegate : Finished Spring Data repository scanning in 145 ms. Found 9 JPA repository interfaces.
2026-01-30T08:41:28.728Z  INFO 10551 --- [jpcard] [           main] o.s.boot.tomcat.TomcatWebServer          : Tomcat initialized with port 8080 (http)
2026-01-30T08:41:28.753Z  INFO 10551 --- [jpcard] [           main] o.apache.catalina.core.StandardService   : Starting service [Tomcat]
2026-01-30T08:41:28.753Z  INFO 10551 --- [jpcard] [           main] o.apache.catalina.core.StandardEngine    : Starting Servlet engine: [Apache Tomcat/11.0.14]
2026-01-30T08:41:28.815Z  INFO 10551 --- [jpcard] [           main] b.w.c.s.WebApplicationContextInitializer : Root WebApplicationContext: initialization completed in 2283 ms
2026-01-30T08:41:29.008Z  INFO 10551 --- [jpcard] [           main] o.hibernate.jpa.internal.util.LogHelper  : HHH000204: Processing PersistenceUnitInfo [name: default]
2026-01-30T08:41:29.095Z  INFO 10551 --- [jpcard] [           main] org.hibernate.Version                    : HHH000412: Hibernate ORM core version 7.1.8.Final
2026-01-30T08:41:30.233Z  INFO 10551 --- [jpcard] [           main] o.s.o.j.p.SpringPersistenceUnitInfo      : No LoadTimeWeaver setup: ignoring JPA class transformer
2026-01-30T08:41:30.293Z  INFO 10551 --- [jpcard] [           main] com.zaxxer.hikari.HikariDataSource       : HikariPool-1 - Starting...
2026-01-30T08:41:30.598Z  INFO 10551 --- [jpcard] [           main] com.zaxxer.hikari.pool.HikariPool        : HikariPool-1 - Added connection conn0: url=jdbc:h2:mem:jpcard user=SA
2026-01-30T08:41:30.602Z  INFO 10551 --- [jpcard] [           main] com.zaxxer.hikari.HikariDataSource       : HikariPool-1 - Start completed.
2026-01-30T08:41:30.641Z  WARN 10551 --- [jpcard] [           main] org.hibernate.orm.deprecation            : HHH90000025: H2Dialect does not need to be specified explicitly using 'hibernate.dialect' (remove the property setting and it will be selected by default)
2026-01-30T08:41:30.675Z  INFO 10551 --- [jpcard] [           main] org.hibernate.orm.connections.pooling    : HHH10001005: Database info:
	Database JDBC URL [jdbc:h2:mem:jpcard]
	Database driver: H2 JDBC Driver
	Database dialect: H2Dialect
	Database version: 2.4.240
	Default catalog/schema: JPCARD/PUBLIC
	Autocommit mode: undefined/unknown
	Isolation level: READ_COMMITTED [default READ_COMMITTED]
	JDBC fetch size: 100
	Pool: DatasourceConnectionProviderImpl
	Minimum pool size: undefined/unknown
	Maximum pool size: undefined/unknown
2026-01-30T08:41:32.703Z  INFO 10551 --- [jpcard] [           main] o.h.e.t.j.p.i.JtaPlatformInitiator       : HHH000489: No JTA platform available (set 'hibernate.transaction.jta.platform' to enable JTA platform integration)
2026-01-30T08:41:32.788Z DEBUG 10551 --- [jpcard] [           main] org.hibernate.SQL                        :
    create table card_template_fields (
        template_id bigint not null,
        field_name varchar(255),
        field_order integer not null,
        primary key (template_id, field_order)
    )
2026-01-30T08:41:32.797Z DEBUG 10551 --- [jpcard] [           main] org.hibernate.SQL                        :
    create table card_templates (
        id bigint generated by default as identity,
        name varchar(255) not null,
        user_id bigint,
        primary key (id)
    )
2026-01-30T08:41:32.804Z DEBUG 10551 --- [jpcard] [           main] org.hibernate.SQL                        :
    create table cards (
        id bigint generated by default as identity,
        content_json LONGTEXT,
        is_memorized boolean not null,
        meaning varchar(255) not null,
        note_id bigint,
        term varchar(255) not null,
        deck_id bigint,
        primary key (id)
    )
2026-01-30T08:41:32.806Z DEBUG 10551 --- [jpcard] [           main] org.hibernate.SQL                        :
    create table comments (
        id bigint generated by default as identity,
        author_name varchar(255),
        content TEXT not null,
        ip_address varchar(255),
        parent_id bigint,
        post_id bigint,
        primary key (id)
    )
2026-01-30T08:41:32.810Z DEBUG 10551 --- [jpcard] [           main] org.hibernate.SQL                        :
    create table decks (
        id bigint generated by default as identity,
        description TEXT,
        is_public boolean not null,
        learning_steps varchar(255) not null,
        name varchar(255) not null,
        card_template_id bigint,
        user_id bigint,
        primary key (id)
    )
2026-01-30T08:41:32.812Z DEBUG 10551 --- [jpcard] [           main] org.hibernate.SQL                        :
    create table post_attachments (
        id bigint generated by default as identity,
        original_filename varchar(255) not null,
        store_filename varchar(255) not null,
        post_id bigint,
        primary key (id)
    )
2026-01-30T08:41:32.814Z DEBUG 10551 --- [jpcard] [           main] org.hibernate.SQL                        :
    create table posts (
        id bigint generated by default as identity,
        author_name varchar(255),
        content TEXT not null,
        ip_address varchar(255),
        is_notice boolean not null,
        like_count integer not null,
        title varchar(255) not null,
        user_id bigint,
        primary key (id)
    )
2026-01-30T08:41:32.815Z DEBUG 10551 --- [jpcard] [           main] org.hibernate.SQL                        :
    create table study_logs (
        id bigint generated by default as identity,
        rating varchar(255) not null,
        studied_at timestamp(6) not null,
        card_id bigint not null,
        user_id bigint not null,
        primary key (id)
    )
2026-01-30T08:41:32.818Z DEBUG 10551 --- [jpcard] [           main] org.hibernate.SQL                        :
    create table user_card_progress (
        id bigint generated by default as identity,
        ease float(53) not null,
        first_studied_at timestamp(6),
        interval_minutes integer not null,
        lapses integer not null,
        learning_step integer not null,
        next_review timestamp(6) not null,
        repetitions integer not null,
        status enum ('LEARNING','NEW','RELEARNING','REVIEW','SUSPENDED') not null,
        card_id bigint not null,
        user_id bigint not null,
        primary key (id)
    )
2026-01-30T08:41:32.821Z DEBUG 10551 --- [jpcard] [           main] org.hibernate.SQL                        :
    create table user_roles (
        user_id bigint not null,
        role tinyint check ((role between 0 and 2))
    )
2026-01-30T08:41:32.823Z DEBUG 10551 --- [jpcard] [           main] org.hibernate.SQL                        :
    create table users (
        id bigint generated by default as identity,
        daily_limit integer not null,
        password varchar(255) not null,
        refresh_token varchar(255),
        status enum ('ACTIVE','BANNED','INACTIVE'),
        timezone varchar(255) not null,
        username varchar(255) not null,
        primary key (id)
    )
2026-01-30T08:41:32.825Z DEBUG 10551 --- [jpcard] [           main] org.hibernate.SQL                        :
    alter table if exists user_card_progress
       drop constraint if exists UKk8fi0algfumrineh4ir6r59qa
2026-01-30T08:41:32.826Z DEBUG 10551 --- [jpcard] [           main] org.hibernate.SQL                        :
    alter table if exists user_card_progress
       add constraint UKk8fi0algfumrineh4ir6r59qa unique (user_id, card_id)
2026-01-30T08:41:32.829Z DEBUG 10551 --- [jpcard] [           main] org.hibernate.SQL                        :
    alter table if exists users
       drop constraint if exists UKr43af9ap4edm43mmtq01oddj6
2026-01-30T08:41:32.830Z DEBUG 10551 --- [jpcard] [           main] org.hibernate.SQL                        :
    alter table if exists users
       add constraint UKr43af9ap4edm43mmtq01oddj6 unique (username)
2026-01-30T08:41:32.831Z DEBUG 10551 --- [jpcard] [           main] org.hibernate.SQL                        :
    alter table if exists card_template_fields
       add constraint FKk4ngvlu5g89gpv73l6l6in6k3
       foreign key (template_id)
       references card_templates
2026-01-30T08:41:32.842Z DEBUG 10551 --- [jpcard] [           main] org.hibernate.SQL                        :
    alter table if exists card_templates
       add constraint FK864i1u5y7pt809rvkwhrr8ed5
       foreign key (user_id)
       references users
2026-01-30T08:41:32.845Z DEBUG 10551 --- [jpcard] [           main] org.hibernate.SQL                        :
    alter table if exists cards
       add constraint FKi7eg9pr1nooc66s02ht1h3ew8
       foreign key (deck_id)
       references decks
2026-01-30T08:41:32.847Z DEBUG 10551 --- [jpcard] [           main] org.hibernate.SQL                        :
    alter table if exists comments
       add constraint FKlri30okf66phtcgbe5pok7cc0
       foreign key (parent_id)
       references comments
2026-01-30T08:41:32.850Z DEBUG 10551 --- [jpcard] [           main] org.hibernate.SQL                        :
    alter table if exists comments
       add constraint FKh4c7lvsc298whoyd4w9ta25cr
       foreign key (post_id)
       references posts
2026-01-30T08:41:32.853Z DEBUG 10551 --- [jpcard] [           main] org.hibernate.SQL                        :
    alter table if exists decks
       add constraint FK8iws5yq3bkfy3tdptfo1tdn6p
       foreign key (card_template_id)
       references card_templates
2026-01-30T08:41:32.856Z DEBUG 10551 --- [jpcard] [           main] org.hibernate.SQL                        :
    alter table if exists decks
       add constraint FKj0ey511pphfxbxbh8ri1616uv
       foreign key (user_id)
       references users
2026-01-30T08:41:32.860Z DEBUG 10551 --- [jpcard] [           main] org.hibernate.SQL                        :
    alter table if exists post_attachments
       add constraint FKdwocy2l1nlf11ebpfrax6sto1
       foreign key (post_id)
       references posts
2026-01-30T08:41:32.862Z DEBUG 10551 --- [jpcard] [           main] org.hibernate.SQL                        :
    alter table if exists posts
       add constraint FK5lidm6cqbc7u4xhqpxm898qme
       foreign key (user_id)
       references users
2026-01-30T08:41:32.864Z DEBUG 10551 --- [jpcard] [           main] org.hibernate.SQL                        :
    alter table if exists study_logs
       add constraint FKtpq80w22jm3db5ryroyldfno2
       foreign key (card_id)
       references cards
2026-01-30T08:41:32.866Z DEBUG 10551 --- [jpcard] [           main] org.hibernate.SQL                        :
    alter table if exists study_logs
       add constraint FKgasx5buyueub0tn22uels0tmj
       foreign key (user_id)
       references users
2026-01-30T08:41:32.867Z DEBUG 10551 --- [jpcard] [           main] org.hibernate.SQL                        :
    alter table if exists user_card_progress
       add constraint FK394ga84k27njiwbvs4bhlybn0
       foreign key (card_id)
       references cards
2026-01-30T08:41:32.869Z DEBUG 10551 --- [jpcard] [           main] org.hibernate.SQL                        :
    alter table if exists user_card_progress
       add constraint FKbw3njg4g785v30016ukmum62j
       foreign key (user_id)
       references users
2026-01-30T08:41:32.872Z DEBUG 10551 --- [jpcard] [           main] org.hibernate.SQL                        :
    alter table if exists user_roles
       add constraint FKhfh9dx7w3ubf1co1vdev94g3f
       foreign key (user_id)
       references users
2026-01-30T08:41:32.880Z  INFO 10551 --- [jpcard] [           main] j.LocalContainerEntityManagerFactoryBean : Initialized JPA EntityManagerFactory for persistence unit 'default'
2026-01-30T08:41:32.983Z  INFO 10551 --- [jpcard] [           main] o.s.d.j.r.query.QueryEnhancerFactories   : Hibernate is in classpath; If applicable, HQL parser will be used.
2026-01-30T08:41:35.028Z DEBUG 10551 --- [jpcard] [           main] org.hibernate.SQL                        :
    select
        count(*)
    from
        card_templates ct1_0
2026-01-30T08:41:35.093Z DEBUG 10551 --- [jpcard] [           main] org.hibernate.SQL                        :
    insert
    into
        card_templates
        (name, user_id, id)
    values
        (?, ?, default)
2026-01-30T08:41:35.131Z DEBUG 10551 --- [jpcard] [           main] org.hibernate.SQL                        :
    insert
    into
        card_template_fields
        (template_id, field_order, field_name)
    values
        (?, ?, ?)
2026-01-30T08:41:35.133Z DEBUG 10551 --- [jpcard] [           main] org.hibernate.SQL                        :
    insert
    into
        card_template_fields
        (template_id, field_order, field_name)
    values
        (?, ?, ?)
2026-01-30T08:41:36.098Z  WARN 10551 --- [jpcard] [           main] .s.a.UserDetailsServiceAutoConfiguration :

Using generated security password: 6cba8022-796d-4b0d-8241-91bf09b2bfee

This generated password is for development use only. Your security configuration must be updated before running your application in production.

2026-01-30T08:41:36.115Z  INFO 10551 --- [jpcard] [           main] r$InitializeUserDetailsManagerConfigurer : Global AuthenticationManager configured with UserDetailsService bean with name inMemoryUserDetailsManager
2026-01-30T08:41:36.359Z  WARN 10551 --- [jpcard] [           main] o.s.s.c.a.web.builders.WebSecurity       : You are asking Spring Security to ignore PathPattern [/uploads/**]. This is not recommended -- please use permitAll via HttpSecurity#authorizeHttpRequests instead.
2026-01-30T08:41:36.966Z  INFO 10551 --- [jpcard] [           main] o.s.boot.tomcat.TomcatWebServer          : Tomcat started on port 8080 (http) with context path '/'
2026-01-30T08:41:36.979Z  INFO 10551 --- [jpcard] [           main] com.jpcard.JpcardApplication             : Started JpcardApplication in 11.3 seconds (process running for 11.828)
2026-01-30T08:41:37.109Z DEBUG 10551 --- [jpcard] [           main] org.hibernate.SQL                        :
    select
        u1_0.id,
        u1_0.daily_limit,
        u1_0.password,
        u1_0.refresh_token,
        u1_0.status,
        u1_0.timezone,
        u1_0.username
    from
        users u1_0
    where
        u1_0.username=?
2026-01-30T08:41:37.250Z DEBUG 10551 --- [jpcard] [           main] org.hibernate.SQL                        :
    insert
    into
        users
        (daily_limit, password, refresh_token, status, timezone, username, id)
    values
        (?, ?, ?, ?, ?, ?, default)
2026-01-30T08:41:37.254Z DEBUG 10551 --- [jpcard] [           main] org.hibernate.SQL                        :
    insert
    into
        user_roles
        (user_id, role)
    values
        (?, ?)
2026-01-30T08:41:37.255Z DEBUG 10551 --- [jpcard] [           main] org.hibernate.SQL                        :
    insert
    into
        user_roles
        (user_id, role)
    values
        (?, ?)
Manager account created: manager / password
2026-01-30T08:43:25.318Z  INFO 10551 --- [jpcard] [nio-8080-exec-1] o.a.c.c.C.[Tomcat].[localhost].[/]       : Initializing Spring DispatcherServlet 'dispatcherServlet'
2026-01-30T08:43:25.319Z  INFO 10551 --- [jpcard] [nio-8080-exec-1] o.s.web.servlet.DispatcherServlet        : Initializing Servlet 'dispatcherServlet'
2026-01-30T08:43:25.321Z  INFO 10551 --- [jpcard] [nio-8080-exec-1] o.s.web.servlet.DispatcherServlet        : Completed initialization in 2 ms
2026-01-30T08:43:25.359Z  WARN 10551 --- [jpcard] [nio-8080-exec-1] .w.s.m.s.DefaultHandlerExceptionResolver : Resolved [org.springframework.web.HttpRequestMethodNotSupportedException: Request method 'GET' is not supported]
2026-01-30T08:46:49.022Z DEBUG 10551 --- [jpcard] [nio-8080-exec-2] org.hibernate.SQL                        :
    select
        u1_0.id,
        u1_0.daily_limit,
        u1_0.password,
        u1_0.refresh_token,
        u1_0.status,
        u1_0.timezone,
        u1_0.username
    from
        users u1_0
    where
        u1_0.username=?
2026-01-30T08:46:49.029Z DEBUG 10551 --- [jpcard] [nio-8080-exec-2] org.hibernate.SQL                        :
    select
        r1_0.user_id,
        r1_0.role
    from
        user_roles r1_0
    where
        r1_0.user_id=?
2026-01-30T08:46:49.223Z DEBUG 10551 --- [jpcard] [nio-8080-exec-2] org.hibernate.SQL                        :
    update
        users
    set
        daily_limit=?,
        password=?,
        refresh_token=?,
        status=?,
        timezone=?,
        username=?
    where
        id=?
2026-01-30T08:46:50.873Z DEBUG 10551 --- [jpcard] [nio-8080-exec-3] org.hibernate.SQL                        :
    select
        u1_0.id,
        u1_0.daily_limit,
        u1_0.password,
        u1_0.refresh_token,
        r1_0.user_id,
        r1_0.role,
        u1_0.status,
        u1_0.timezone,
        u1_0.username
    from
        users u1_0
    left join
        user_roles r1_0
            on u1_0.id=r1_0.user_id
    where
        u1_0.id=?
2026-01-30T08:46:50.885Z DEBUG 10551 --- [jpcard] [nio-8080-exec-3] org.hibernate.SQL                        :
    select
        u1_0.id,
        u1_0.daily_limit,
        u1_0.password,
        u1_0.refresh_token,
        r1_0.user_id,
        r1_0.role,
        u1_0.status,
        u1_0.timezone,
        u1_0.username
    from
        users u1_0
    left join
        user_roles r1_0
            on u1_0.id=r1_0.user_id
    where
        u1_0.id=?
2026-01-30T08:46:50.956Z DEBUG 10551 --- [jpcard] [nio-8080-exec-3] org.hibernate.SQL                        :
    select
        p1_0.id,
        p1_0.user_id,
        p1_0.author_name,
        p1_0.content,
        p1_0.ip_address,
        p1_0.is_notice,
        p1_0.like_count,
        p1_0.title
    from
        posts p1_0
    where
        p1_0.is_notice=true
    order by
        p1_0.id desc
2026-01-30T08:46:51.146Z DEBUG 10551 --- [jpcard] [nio-8080-exec-4] org.hibernate.SQL                        :
    select
        u1_0.id,
        u1_0.daily_limit,
        u1_0.password,
        u1_0.refresh_token,
        r1_0.user_id,
        r1_0.role,
        u1_0.status,
        u1_0.timezone,
        u1_0.username
    from
        users u1_0
    left join
        user_roles r1_0
            on u1_0.id=r1_0.user_id
    where
        u1_0.id=?
2026-01-30T08:46:51.152Z DEBUG 10551 --- [jpcard] [nio-8080-exec-4] org.hibernate.SQL                        :
    select
        u1_0.id,
        u1_0.daily_limit,
        u1_0.password,
        u1_0.refresh_token,
        r1_0.user_id,
        r1_0.role,
        u1_0.status,
        u1_0.timezone,
        u1_0.username
    from
        users u1_0
    left join
        user_roles r1_0
            on u1_0.id=r1_0.user_id
    where
        u1_0.id=?
2026-01-30T08:46:51.159Z DEBUG 10551 --- [jpcard] [nio-8080-exec-4] org.hibernate.SQL                        :
    select
        u1_0.id,
        u1_0.daily_limit,
        u1_0.password,
        u1_0.refresh_token,
        r1_0.user_id,
        r1_0.role,
        u1_0.status,
        u1_0.timezone,
        u1_0.username
    from
        users u1_0
    left join
        user_roles r1_0
            on u1_0.id=r1_0.user_id
    where
        u1_0.id=?
2026-01-30T08:46:51.174Z DEBUG 10551 --- [jpcard] [nio-8080-exec-4] org.hibernate.SQL                        :
    select
        ucp1_0.id,
        ucp1_0.card_id,
        c1_0.id,
        c1_0.content_json,
        d1_0.id,
        d1_0.card_template_id,
        d1_0.description,
        d1_0.is_public,
        d1_0.learning_steps,
        d1_0.name,
        d1_0.user_id,
        c1_0.is_memorized,
        c1_0.meaning,
        c1_0.note_id,
        c1_0.term,
        ucp1_0.ease,
        ucp1_0.first_studied_at,
        ucp1_0.interval_minutes,
        ucp1_0.lapses,
        ucp1_0.learning_step,
        ucp1_0.next_review,
        ucp1_0.repetitions,
        ucp1_0.status,
        ucp1_0.user_id
    from
        user_card_progress ucp1_0
    join
        cards c1_0
            on c1_0.id=ucp1_0.card_id
    join
        decks d1_0
            on d1_0.id=c1_0.deck_id
    where
        ucp1_0.user_id=?
        and d1_0.id=?
        and ucp1_0.next_review<=?
2026-01-30T08:46:51.185Z DEBUG 10551 --- [jpcard] [nio-8080-exec-4] org.hibernate.SQL                        :
    select
        count(ucp1_0.id)
    from
        user_card_progress ucp1_0
    join
        cards c1_0
            on c1_0.id=ucp1_0.card_id
    where
        ucp1_0.user_id=?
        and c1_0.deck_id=?
        and ucp1_0.first_studied_at between ? and ?
2026-01-30T08:46:51.199Z DEBUG 10551 --- [jpcard] [nio-8080-exec-4] org.hibernate.SQL                        :
    select
        c1_0.id,
        c1_0.content_json,
        d1_0.id,
        d1_0.card_template_id,
        d1_0.description,
        d1_0.is_public,
        d1_0.learning_steps,
        d1_0.name,
        d1_0.user_id,
        c1_0.is_memorized,
        c1_0.meaning,
        c1_0.note_id,
        c1_0.term
    from
        cards c1_0
    join
        decks d1_0
            on d1_0.id=c1_0.deck_id
    where
        d1_0.id=?
        and not exists(select
            ucp1_0.id from user_card_progress ucp1_0
        where
            ucp1_0.card_id=c1_0.id
            and ucp1_0.user_id=?)
    fetch
        first ? rows only
2026-01-30T08:46:51.219Z DEBUG 10551 --- [jpcard] [nio-8080-exec-5] org.hibernate.SQL                        :
    select
        u1_0.id,
        u1_0.daily_limit,
        u1_0.password,
        u1_0.refresh_token,
        r1_0.user_id,
        r1_0.role,
        u1_0.status,
        u1_0.timezone,
        u1_0.username
    from
        users u1_0
    left join
        user_roles r1_0
            on u1_0.id=r1_0.user_id
    where
        u1_0.id=?
2026-01-30T08:46:51.224Z DEBUG 10551 --- [jpcard] [nio-8080-exec-5] org.hibernate.SQL                        :
    select
        u1_0.id,
        u1_0.daily_limit,
        u1_0.password,
        u1_0.refresh_token,
        r1_0.user_id,
        r1_0.role,
        u1_0.status,
        u1_0.timezone,
        u1_0.username
    from
        users u1_0
    left join
        user_roles r1_0
            on u1_0.id=r1_0.user_id
    where
        u1_0.id=?
2026-01-30T08:46:51.228Z DEBUG 10551 --- [jpcard] [nio-8080-exec-5] org.hibernate.SQL                        :
    select
        u1_0.id,
        u1_0.daily_limit,
        u1_0.password,
        u1_0.refresh_token,
        r1_0.user_id,
        r1_0.role,
        u1_0.status,
        u1_0.timezone,
        u1_0.username
    from
        users u1_0
    left join
        user_roles r1_0
            on u1_0.id=r1_0.user_id
    where
        u1_0.id=?
2026-01-30T08:46:51.229Z DEBUG 10551 --- [jpcard] [nio-8080-exec-5] org.hibernate.SQL                        :
    select
        ucp1_0.id,
        ucp1_0.card_id,
        c1_0.id,
        c1_0.content_json,
        d1_0.id,
        d1_0.card_template_id,
        d1_0.description,
        d1_0.is_public,
        d1_0.learning_steps,
        d1_0.name,
        d1_0.user_id,
        c1_0.is_memorized,
        c1_0.meaning,
        c1_0.note_id,
        c1_0.term,
        ucp1_0.ease,
        ucp1_0.first_studied_at,
        ucp1_0.interval_minutes,
        ucp1_0.lapses,
        ucp1_0.learning_step,
        ucp1_0.next_review,
        ucp1_0.repetitions,
        ucp1_0.status,
        ucp1_0.user_id
    from
        user_card_progress ucp1_0
    join
        cards c1_0
            on c1_0.id=ucp1_0.card_id
    join
        decks d1_0
            on d1_0.id=c1_0.deck_id
    where
        ucp1_0.user_id=?
        and d1_0.id=?
        and ucp1_0.next_review<=?
2026-01-30T08:46:51.232Z DEBUG 10551 --- [jpcard] [nio-8080-exec-5] org.hibernate.SQL                        :
    select
        count(ucp1_0.id)
    from
        user_card_progress ucp1_0
    join
        cards c1_0
            on c1_0.id=ucp1_0.card_id
    where
        ucp1_0.user_id=?
        and c1_0.deck_id=?
        and ucp1_0.first_studied_at between ? and ?
2026-01-30T08:46:51.234Z DEBUG 10551 --- [jpcard] [nio-8080-exec-5] org.hibernate.SQL                        :
    select
        c1_0.id,
        c1_0.content_json,
        d1_0.id,
        d1_0.card_template_id,
        d1_0.description,
        d1_0.is_public,
        d1_0.learning_steps,
        d1_0.name,
        d1_0.user_id,
        c1_0.is_memorized,
        c1_0.meaning,
        c1_0.note_id,
        c1_0.term
    from
        cards c1_0
    join
        decks d1_0
            on d1_0.id=c1_0.deck_id
    where
        d1_0.id=?
        and not exists(select
            ucp1_0.id from user_card_progress ucp1_0
        where
            ucp1_0.card_id=c1_0.id
            and ucp1_0.user_id=?)
    fetch
        first ? rows only
2026-01-30T08:47:44.250Z DEBUG 10551 --- [jpcard] [nio-8080-exec-6] org.hibernate.SQL                        :
    select
        u1_0.id,
        u1_0.daily_limit,
        u1_0.password,
        u1_0.refresh_token,
        u1_0.status,
        u1_0.timezone,
        u1_0.username
    from
        users u1_0
    where
        u1_0.username=?
2026-01-30T08:47:44.251Z DEBUG 10551 --- [jpcard] [nio-8080-exec-6] org.hibernate.SQL                        :
    select
        r1_0.user_id,
        r1_0.role
    from
        user_roles r1_0
    where
        r1_0.user_id=?
2026-01-30T08:47:44.372Z DEBUG 10551 --- [jpcard] [nio-8080-exec-6] org.hibernate.SQL                        :
    update
        users
    set
        daily_limit=?,
        password=?,
        refresh_token=?,
        status=?,
        timezone=?,
        username=?
    where
        id=?
2026-01-30T08:48:01.788Z DEBUG 10551 --- [jpcard] [nio-8080-exec-8] org.hibernate.SQL                        :
    select
        u1_0.id,
        u1_0.daily_limit,
        u1_0.password,
        u1_0.refresh_token,
        r1_0.user_id,
        r1_0.role,
        u1_0.status,
        u1_0.timezone,
        u1_0.username
    from
        users u1_0
    left join
        user_roles r1_0
            on u1_0.id=r1_0.user_id
    where
        u1_0.id=?
2026-01-30T08:48:01.799Z DEBUG 10551 --- [jpcard] [nio-8080-exec-8] org.hibernate.SQL                        :
    select
        u1_0.id,
        u1_0.daily_limit,
        u1_0.password,
        u1_0.refresh_token,
        r1_0.user_id,
        r1_0.role,
        u1_0.status,
        u1_0.timezone,
        u1_0.username
    from
        users u1_0
    left join
        user_roles r1_0
            on u1_0.id=r1_0.user_id
    where
        u1_0.id=?
2026-01-30T08:48:01.808Z DEBUG 10551 --- [jpcard] [nio-8080-exec-8] org.hibernate.SQL                        :
    select
        d1_0.id,
        d1_0.card_template_id,
        d1_0.description,
        d1_0.is_public,
        d1_0.learning_steps,
        d1_0.name,
        d1_0.user_id
    from
        decks d1_0
    where
        d1_0.user_id=?
        or d1_0.is_public=true
2026-01-30T08:48:23.340Z DEBUG 10551 --- [jpcard] [io-8080-exec-10] org.hibernate.SQL                        :
    select
        u1_0.id,
        u1_0.daily_limit,
        u1_0.password,
        u1_0.refresh_token,
        r1_0.user_id,
        r1_0.role,
        u1_0.status,
        u1_0.timezone,
        u1_0.username
    from
        users u1_0
    left join
        user_roles r1_0
            on u1_0.id=r1_0.user_id
    where
        u1_0.id=?
2026-01-30T08:48:23.344Z DEBUG 10551 --- [jpcard] [io-8080-exec-10] org.hibernate.SQL                        :
    select
        u1_0.id,
        u1_0.daily_limit,
        u1_0.password,
        u1_0.refresh_token,
        r1_0.user_id,
        r1_0.role,
        u1_0.status,
        u1_0.timezone,
        u1_0.username
    from
        users u1_0
    left join
        user_roles r1_0
            on u1_0.id=r1_0.user_id
    where
        u1_0.id=?
2026-01-30T08:48:23.358Z DEBUG 10551 --- [jpcard] [io-8080-exec-10] org.hibernate.SQL                        :
    insert
    into
        decks
        (card_template_id, description, is_public, learning_steps, name, user_id, id)
    values
        (?, ?, ?, ?, ?, ?, default)
2026-01-30T08:48:43.639Z DEBUG 10551 --- [jpcard] [nio-8080-exec-2] org.hibernate.SQL                        :
    select
        u1_0.id,
        u1_0.daily_limit,
        u1_0.password,
        u1_0.refresh_token,
        r1_0.user_id,
        r1_0.role,
        u1_0.status,
        u1_0.timezone,
        u1_0.username
    from
        users u1_0
    left join
        user_roles r1_0
            on u1_0.id=r1_0.user_id
    where
        u1_0.id=?
2026-01-30T08:48:43.643Z DEBUG 10551 --- [jpcard] [nio-8080-exec-2] org.hibernate.SQL                        :
    select
        u1_0.id,
        u1_0.daily_limit,
        u1_0.password,
        u1_0.refresh_token,
        r1_0.user_id,
        r1_0.role,
        u1_0.status,
        u1_0.timezone,
        u1_0.username
    from
        users u1_0
    left join
        user_roles r1_0
            on u1_0.id=r1_0.user_id
    where
        u1_0.id=?
2026-01-30T08:48:43.655Z DEBUG 10551 --- [jpcard] [nio-8080-exec-2] org.hibernate.SQL                        :
    select
        d1_0.id,
        d1_0.card_template_id,
        d1_0.description,
        d1_0.is_public,
        d1_0.learning_steps,
        d1_0.name,
        d1_0.user_id
    from
        decks d1_0
    where
        d1_0.id=?
2026-01-30T08:48:43.662Z DEBUG 10551 --- [jpcard] [nio-8080-exec-2] org.hibernate.SQL                        :
    insert
    into
        cards
        (content_json, deck_id, is_memorized, meaning, note_id, term, id)
    values
        (?, ?, ?, ?, ?, ?, default)
2026-01-30T08:48:43.664Z DEBUG 10551 --- [jpcard] [nio-8080-exec-2] org.hibernate.SQL                        :
    update
        cards
    set
        content_json=?,
        deck_id=?,
        is_memorized=?,
        meaning=?,
        note_id=?,
        term=?
    where
        id=?
2026-01-30T08:49:01.754Z DEBUG 10551 --- [jpcard] [nio-8080-exec-4] org.hibernate.SQL                        :
    select
        u1_0.id,
        u1_0.daily_limit,
        u1_0.password,
        u1_0.refresh_token,
        u1_0.status,
        u1_0.timezone,
        u1_0.username
    from
        users u1_0
    where
        u1_0.username=?
2026-01-30T08:49:01.756Z DEBUG 10551 --- [jpcard] [nio-8080-exec-4] org.hibernate.SQL                        :
    select
        r1_0.user_id,
        r1_0.role
    from
        user_roles r1_0
    where
        r1_0.user_id=?
2026-01-30T08:49:01.873Z DEBUG 10551 --- [jpcard] [nio-8080-exec-4] org.hibernate.SQL                        :
    update
        users
    set
        daily_limit=?,
        password=?,
        refresh_token=?,
        status=?,
        timezone=?,
        username=?
    where
        id=?
2026-01-30T08:49:03.433Z DEBUG 10551 --- [jpcard] [nio-8080-exec-5] org.hibernate.SQL                        :
    select
        u1_0.id,
        u1_0.daily_limit,
        u1_0.password,
        u1_0.refresh_token,
        r1_0.user_id,
        r1_0.role,
        u1_0.status,
        u1_0.timezone,
        u1_0.username
    from
        users u1_0
    left join
        user_roles r1_0
            on u1_0.id=r1_0.user_id
    where
        u1_0.id=?
2026-01-30T08:49:03.437Z DEBUG 10551 --- [jpcard] [nio-8080-exec-5] org.hibernate.SQL                        :
    select
        u1_0.id,
        u1_0.daily_limit,
        u1_0.password,
        u1_0.refresh_token,
        r1_0.user_id,
        r1_0.role,
        u1_0.status,
        u1_0.timezone,
        u1_0.username
    from
        users u1_0
    left join
        user_roles r1_0
            on u1_0.id=r1_0.user_id
    where
        u1_0.id=?
2026-01-30T08:49:03.440Z DEBUG 10551 --- [jpcard] [nio-8080-exec-5] org.hibernate.SQL                        :
    select
        p1_0.id,
        p1_0.user_id,
        p1_0.author_name,
        p1_0.content,
        p1_0.ip_address,
        p1_0.is_notice,
        p1_0.like_count,
        p1_0.title
    from
        posts p1_0
    where
        p1_0.is_notice=true
    order by
        p1_0.id desc
2026-01-30T08:49:03.451Z DEBUG 10551 --- [jpcard] [nio-8080-exec-6] org.hibernate.SQL                        :
    select
        u1_0.id,
        u1_0.daily_limit,
        u1_0.password,
        u1_0.refresh_token,
        r1_0.user_id,
        r1_0.role,
        u1_0.status,
        u1_0.timezone,
        u1_0.username
    from
        users u1_0
    left join
        user_roles r1_0
            on u1_0.id=r1_0.user_id
    where
        u1_0.id=?
2026-01-30T08:49:03.456Z DEBUG 10551 --- [jpcard] [nio-8080-exec-6] org.hibernate.SQL                        :
    select
        u1_0.id,
        u1_0.daily_limit,
        u1_0.password,
        u1_0.refresh_token,
        r1_0.user_id,
        r1_0.role,
        u1_0.status,
        u1_0.timezone,
        u1_0.username
    from
        users u1_0
    left join
        user_roles r1_0
            on u1_0.id=r1_0.user_id
    where
        u1_0.id=?
2026-01-30T08:49:03.459Z DEBUG 10551 --- [jpcard] [nio-8080-exec-6] org.hibernate.SQL                        :
    select
        p1_0.id,
        p1_0.user_id,
        p1_0.author_name,
        p1_0.content,
        p1_0.ip_address,
        p1_0.is_notice,
        p1_0.like_count,
        p1_0.title
    from
        posts p1_0
    where
        p1_0.is_notice=true
    order by
        p1_0.id desc
2026-01-30T08:49:03.977Z DEBUG 10551 --- [jpcard] [nio-8080-exec-7] org.hibernate.SQL                        :
    select
        u1_0.id,
        u1_0.daily_limit,
        u1_0.password,
        u1_0.refresh_token,
        r1_0.user_id,
        r1_0.role,
        u1_0.status,
        u1_0.timezone,
        u1_0.username
    from
        users u1_0
    left join
        user_roles r1_0
            on u1_0.id=r1_0.user_id
    where
        u1_0.id=?
2026-01-30T08:49:03.981Z DEBUG 10551 --- [jpcard] [nio-8080-exec-7] org.hibernate.SQL                        :
    select
        u1_0.id,
        u1_0.daily_limit,
        u1_0.password,
        u1_0.refresh_token,
        r1_0.user_id,
        r1_0.role,
        u1_0.status,
        u1_0.timezone,
        u1_0.username
    from
        users u1_0
    left join
        user_roles r1_0
            on u1_0.id=r1_0.user_id
    where
        u1_0.id=?
2026-01-30T08:49:03.985Z DEBUG 10551 --- [jpcard] [nio-8080-exec-7] org.hibernate.SQL                        :
    select
        u1_0.id,
        u1_0.daily_limit,
        u1_0.password,
        u1_0.refresh_token,
        r1_0.user_id,
        r1_0.role,
        u1_0.status,
        u1_0.timezone,
        u1_0.username
    from
        users u1_0
    left join
        user_roles r1_0
            on u1_0.id=r1_0.user_id
    where
        u1_0.id=?
2026-01-30T08:49:03.988Z DEBUG 10551 --- [jpcard] [nio-8080-exec-7] org.hibernate.SQL                        :
    select
        ucp1_0.id,
        ucp1_0.card_id,
        c1_0.id,
        c1_0.content_json,
        d1_0.id,
        d1_0.card_template_id,
        d1_0.description,
        d1_0.is_public,
        d1_0.learning_steps,
        d1_0.name,
        d1_0.user_id,
        c1_0.is_memorized,
        c1_0.meaning,
        c1_0.note_id,
        c1_0.term,
        ucp1_0.ease,
        ucp1_0.first_studied_at,
        ucp1_0.interval_minutes,
        ucp1_0.lapses,
        ucp1_0.learning_step,
        ucp1_0.next_review,
        ucp1_0.repetitions,
        ucp1_0.status,
        ucp1_0.user_id
    from
        user_card_progress ucp1_0
    join
        cards c1_0
            on c1_0.id=ucp1_0.card_id
    join
        decks d1_0
            on d1_0.id=c1_0.deck_id
    where
        ucp1_0.user_id=?
        and d1_0.id=?
        and ucp1_0.next_review<=?
2026-01-30T08:49:03.990Z DEBUG 10551 --- [jpcard] [nio-8080-exec-7] org.hibernate.SQL                        :
    select
        count(ucp1_0.id)
    from
        user_card_progress ucp1_0
    join
        cards c1_0
            on c1_0.id=ucp1_0.card_id
    where
        ucp1_0.user_id=?
        and c1_0.deck_id=?
        and ucp1_0.first_studied_at between ? and ?
2026-01-30T08:49:03.992Z DEBUG 10551 --- [jpcard] [nio-8080-exec-7] org.hibernate.SQL                        :
    select
        c1_0.id,
        c1_0.content_json,
        d1_0.id,
        d1_0.card_template_id,
        d1_0.description,
        d1_0.is_public,
        d1_0.learning_steps,
        d1_0.name,
        d1_0.user_id,
        c1_0.is_memorized,
        c1_0.meaning,
        c1_0.note_id,
        c1_0.term
    from
        cards c1_0
    join
        decks d1_0
            on d1_0.id=c1_0.deck_id
    where
        d1_0.id=?
        and not exists(select
            ucp1_0.id from user_card_progress ucp1_0
        where
            ucp1_0.card_id=c1_0.id
            and ucp1_0.user_id=?)
    fetch
        first ? rows only
2026-01-30T08:49:04.006Z DEBUG 10551 --- [jpcard] [nio-8080-exec-8] org.hibernate.SQL                        :
    select
        u1_0.id,
        u1_0.daily_limit,
        u1_0.password,
        u1_0.refresh_token,
        r1_0.user_id,
        r1_0.role,
        u1_0.status,
        u1_0.timezone,
        u1_0.username
    from
        users u1_0
    left join
        user_roles r1_0
            on u1_0.id=r1_0.user_id
    where
        u1_0.id=?
2026-01-30T08:49:04.011Z DEBUG 10551 --- [jpcard] [nio-8080-exec-8] org.hibernate.SQL                        :
    select
        u1_0.id,
        u1_0.daily_limit,
        u1_0.password,
        u1_0.refresh_token,
        r1_0.user_id,
        r1_0.role,
        u1_0.status,
        u1_0.timezone,
        u1_0.username
    from
        users u1_0
    left join
        user_roles r1_0
            on u1_0.id=r1_0.user_id
    where
        u1_0.id=?
2026-01-30T08:49:04.014Z DEBUG 10551 --- [jpcard] [nio-8080-exec-8] org.hibernate.SQL                        :
    select
        u1_0.id,
        u1_0.daily_limit,
        u1_0.password,
        u1_0.refresh_token,
        r1_0.user_id,
        r1_0.role,
        u1_0.status,
        u1_0.timezone,
        u1_0.username
    from
        users u1_0
    left join
        user_roles r1_0
            on u1_0.id=r1_0.user_id
    where
        u1_0.id=?
2026-01-30T08:49:04.016Z DEBUG 10551 --- [jpcard] [nio-8080-exec-8] org.hibernate.SQL                        :
    select
        ucp1_0.id,
        ucp1_0.card_id,
        c1_0.id,
        c1_0.content_json,
        d1_0.id,
        d1_0.card_template_id,
        d1_0.description,
        d1_0.is_public,
        d1_0.learning_steps,
        d1_0.name,
        d1_0.user_id,
        c1_0.is_memorized,
        c1_0.meaning,
        c1_0.note_id,
        c1_0.term,
        ucp1_0.ease,
        ucp1_0.first_studied_at,
        ucp1_0.interval_minutes,
        ucp1_0.lapses,
        ucp1_0.learning_step,
        ucp1_0.next_review,
        ucp1_0.repetitions,
        ucp1_0.status,
        ucp1_0.user_id
    from
        user_card_progress ucp1_0
    join
        cards c1_0
            on c1_0.id=ucp1_0.card_id
    join
        decks d1_0
            on d1_0.id=c1_0.deck_id
    where
        ucp1_0.user_id=?
        and d1_0.id=?
        and ucp1_0.next_review<=?
2026-01-30T08:49:04.017Z DEBUG 10551 --- [jpcard] [nio-8080-exec-8] org.hibernate.SQL                        :
    select
        count(ucp1_0.id)
    from
        user_card_progress ucp1_0
    join
        cards c1_0
            on c1_0.id=ucp1_0.card_id
    where
        ucp1_0.user_id=?
        and c1_0.deck_id=?
        and ucp1_0.first_studied_at between ? and ?
2026-01-30T08:49:04.019Z DEBUG 10551 --- [jpcard] [nio-8080-exec-8] org.hibernate.SQL                        :
    select
        c1_0.id,
        c1_0.content_json,
        d1_0.id,
        d1_0.card_template_id,
        d1_0.description,
        d1_0.is_public,
        d1_0.learning_steps,
        d1_0.name,
        d1_0.user_id,
        c1_0.is_memorized,
        c1_0.meaning,
        c1_0.note_id,
        c1_0.term
    from
        cards c1_0
    join
        decks d1_0
            on d1_0.id=c1_0.deck_id
    where
        d1_0.id=?
        and not exists(select
            ucp1_0.id from user_card_progress ucp1_0
        where
            ucp1_0.card_id=c1_0.id
            and ucp1_0.user_id=?)
    fetch
        first ? rows only
2026-01-30T08:49:06.503Z DEBUG 10551 --- [jpcard] [nio-8080-exec-9] org.hibernate.SQL                        :
    select
        u1_0.id,
        u1_0.daily_limit,
        u1_0.password,
        u1_0.refresh_token,
        r1_0.user_id,
        r1_0.role,
        u1_0.status,
        u1_0.timezone,
        u1_0.username
    from
        users u1_0
    left join
        user_roles r1_0
            on u1_0.id=r1_0.user_id
    where
        u1_0.id=?
2026-01-30T08:49:06.508Z DEBUG 10551 --- [jpcard] [nio-8080-exec-9] org.hibernate.SQL                        :
    select
        u1_0.id,
        u1_0.daily_limit,
        u1_0.password,
        u1_0.refresh_token,
        r1_0.user_id,
        r1_0.role,
        u1_0.status,
        u1_0.timezone,
        u1_0.username
    from
        users u1_0
    left join
        user_roles r1_0
            on u1_0.id=r1_0.user_id
    where
        u1_0.id=?
2026-01-30T08:49:06.514Z DEBUG 10551 --- [jpcard] [nio-8080-exec-9] org.hibernate.SQL                        :
    select
        u1_0.id,
        u1_0.daily_limit,
        u1_0.password,
        u1_0.refresh_token,
        r1_0.user_id,
        r1_0.role,
        u1_0.status,
        u1_0.timezone,
        u1_0.username
    from
        users u1_0
    left join
        user_roles r1_0
            on u1_0.id=r1_0.user_id
    where
        u1_0.id=?
2026-01-30T08:49:06.516Z DEBUG 10551 --- [jpcard] [nio-8080-exec-9] org.hibernate.SQL                        :
    select
        c1_0.id,
        c1_0.content_json,
        c1_0.deck_id,
        c1_0.is_memorized,
        c1_0.meaning,
        c1_0.note_id,
        c1_0.term
    from
        cards c1_0
    where
        c1_0.id=?
2026-01-30T08:49:06.522Z DEBUG 10551 --- [jpcard] [nio-8080-exec-9] org.hibernate.SQL                        :
    select
        ucp1_0.id,
        ucp1_0.card_id,
        ucp1_0.ease,
        ucp1_0.first_studied_at,
        ucp1_0.interval_minutes,
        ucp1_0.lapses,
        ucp1_0.learning_step,
        ucp1_0.next_review,
        ucp1_0.repetitions,
        ucp1_0.status,
        ucp1_0.user_id
    from
        user_card_progress ucp1_0
    where
        ucp1_0.user_id=?
        and ucp1_0.card_id=?
2026-01-30T08:49:06.525Z DEBUG 10551 --- [jpcard] [nio-8080-exec-9] org.hibernate.SQL                        :
    insert
    into
        study_logs
        (card_id, rating, studied_at, user_id, id)
    values
        (?, ?, ?, ?, default)
2026-01-30T08:49:06.527Z DEBUG 10551 --- [jpcard] [nio-8080-exec-9] org.hibernate.SQL                        :
    select
        d1_0.id,
        d1_0.card_template_id,
        d1_0.description,
        d1_0.is_public,
        d1_0.learning_steps,
        d1_0.name,
        d1_0.user_id
    from
        decks d1_0
    where
        d1_0.id=?
2026-01-30T08:49:06.532Z DEBUG 10551 --- [jpcard] [nio-8080-exec-9] org.hibernate.SQL                        :
    insert
    into
        user_card_progress
        (card_id, ease, first_studied_at, interval_minutes, lapses, learning_step, next_review, repetitions, status, user_id, id)
    values
        (?, ?, ?, ?, ?, ?, ?, ?, ?, ?, default)
2026-01-30T08:49:06.540Z DEBUG 10551 --- [jpcard] [nio-8080-exec-9] org.hibernate.SQL                        :
    select
        ucp1_0.id,
        ucp1_0.card_id,
        ucp1_0.ease,
        ucp1_0.first_studied_at,
        ucp1_0.interval_minutes,
        ucp1_0.lapses,
        ucp1_0.learning_step,
        ucp1_0.next_review,
        ucp1_0.repetitions,
        ucp1_0.status,
        ucp1_0.user_id
    from
        user_card_progress ucp1_0
    join
        cards c1_0
            on c1_0.id=ucp1_0.card_id
    where
        ucp1_0.user_id=?
        and c1_0.note_id=?
