> Task :compileJava UP-TO-DATE
> Task :processResources UP-TO-DATE
> Task :classes UP-TO-DATE
> Task :resolveMainClassName

> Task :bootRun

  .   ____          _            __ _ _
 /\\ / ___'_ __ _ _(_)_ __  __ _ \ \ \ \
( ( )\___ | '_ | '_| | '_ \/ _` | \ \ \ \
 \\/  ___)| |_)| | | | | || (_| |  ) ) ) )
  '  |____| .__|_| |_|_| |_\__, | / / / /
 =========|_|==============|___/=/_/_/_/

 :: Spring Boot ::                (v4.0.0)

2026-01-29T14:08:22.230Z  INFO 37289 --- [jpcard] [           main] com.jpcard.JpcardApplication             : Starting JpcardApplication using Java 21.0.9 with PID 37289 (/app/backend/build/classes/java/main started by jules in /app/backend)
2026-01-29T14:08:22.235Z  INFO 37289 --- [jpcard] [           main] com.jpcard.JpcardApplication             : No active profile set, falling back to 1 default profile: "default"
2026-01-29T14:08:23.142Z  INFO 37289 --- [jpcard] [           main] .s.d.r.c.RepositoryConfigurationDelegate : Bootstrapping Spring Data JPA repositories in DEFAULT mode.
2026-01-29T14:08:23.234Z  INFO 37289 --- [jpcard] [           main] .s.d.r.c.RepositoryConfigurationDelegate : Finished Spring Data repository scanning in 80 ms. Found 8 JPA repository interfaces.
2026-01-29T14:08:23.919Z  INFO 37289 --- [jpcard] [           main] o.s.boot.tomcat.TomcatWebServer          : Tomcat initialized with port 8080 (http)
2026-01-29T14:08:23.939Z  INFO 37289 --- [jpcard] [           main] o.apache.catalina.core.StandardService   : Starting service [Tomcat]
2026-01-29T14:08:23.939Z  INFO 37289 --- [jpcard] [           main] o.apache.catalina.core.StandardEngine    : Starting Servlet engine: [Apache Tomcat/11.0.14]
2026-01-29T14:08:24.000Z  INFO 37289 --- [jpcard] [           main] b.w.c.s.WebApplicationContextInitializer : Root WebApplicationContext: initialization completed in 1700 ms
2026-01-29T14:08:24.145Z  INFO 37289 --- [jpcard] [           main] o.hibernate.jpa.internal.util.LogHelper  : HHH000204: Processing PersistenceUnitInfo [name: default]
2026-01-29T14:08:24.200Z  INFO 37289 --- [jpcard] [           main] org.hibernate.Version                    : HHH000412: Hibernate ORM core version 7.1.8.Final
2026-01-29T14:08:24.804Z  INFO 37289 --- [jpcard] [           main] o.s.o.j.p.SpringPersistenceUnitInfo      : No LoadTimeWeaver setup: ignoring JPA class transformer
2026-01-29T14:08:24.846Z  INFO 37289 --- [jpcard] [           main] com.zaxxer.hikari.HikariDataSource       : HikariPool-1 - Starting...
2026-01-29T14:08:25.069Z  INFO 37289 --- [jpcard] [           main] com.zaxxer.hikari.pool.HikariPool        : HikariPool-1 - Added connection conn0: url=jdbc:h2:mem:jpcard user=SA
2026-01-29T14:08:25.071Z  INFO 37289 --- [jpcard] [           main] com.zaxxer.hikari.HikariDataSource       : HikariPool-1 - Start completed.
2026-01-29T14:08:25.100Z  WARN 37289 --- [jpcard] [           main] org.hibernate.orm.deprecation            : HHH90000025: H2Dialect does not need to be specified explicitly using 'hibernate.dialect' (remove the property setting and it will be selected by default)
2026-01-29T14:08:25.126Z  INFO 37289 --- [jpcard] [           main] org.hibernate.orm.connections.pooling    : HHH10001005: Database info:
	Database JDBC URL [jdbc:h2:mem:jpcard]
	Database driver: H2 JDBC Driver
	Database dialect: H2Dialect
	Database version: 2.4.240
	Default catalog/schema: JPCARD/PUBLIC
	Autocommit mode: undefined/unknown
	Isolation level: READ_COMMITTED [default READ_COMMITTED]
	JDBC fetch size: 100
	Pool: DatasourceConnectionProviderImpl
	Minimum pool size: undefined/unknown
	Maximum pool size: undefined/unknown
2026-01-29T14:08:26.812Z  INFO 37289 --- [jpcard] [           main] o.h.e.t.j.p.i.JtaPlatformInitiator       : HHH000489: No JTA platform available (set 'hibernate.transaction.jta.platform' to enable JTA platform integration)
2026-01-29T14:08:26.899Z DEBUG 37289 --- [jpcard] [           main] org.hibernate.SQL                        :
    create table card_template_fields (
        template_id bigint not null,
        field_name varchar(255),
        field_order integer not null,
        primary key (template_id, field_order)
    )
2026-01-29T14:08:26.907Z DEBUG 37289 --- [jpcard] [           main] org.hibernate.SQL                        :
    create table card_templates (
        id bigint generated by default as identity,
        name varchar(255) not null,
        user_id bigint,
        primary key (id)
    )
2026-01-29T14:08:26.914Z DEBUG 37289 --- [jpcard] [           main] org.hibernate.SQL                        :
    create table cards (
        id bigint generated by default as identity,
        content_json TEXT,
        is_memorized boolean not null,
        meaning varchar(255) not null,
        note_id bigint,
        term varchar(255) not null,
        deck_id bigint,
        primary key (id)
    )
2026-01-29T14:08:26.918Z DEBUG 37289 --- [jpcard] [           main] org.hibernate.SQL                        :
    create table comments (
        id bigint generated by default as identity,
        author_name varchar(255),
        content TEXT not null,
        ip_address varchar(255),
        parent_id bigint,
        post_id bigint,
        primary key (id)
    )
2026-01-29T14:08:26.921Z DEBUG 37289 --- [jpcard] [           main] org.hibernate.SQL                        :
    create table decks (
        id bigint generated by default as identity,
        description TEXT,
        name varchar(255) not null,
        card_template_id bigint,
        primary key (id)
    )
2026-01-29T14:08:26.924Z DEBUG 37289 --- [jpcard] [           main] org.hibernate.SQL                        :
    create table post_attachments (
        id bigint generated by default as identity,
        original_filename varchar(255) not null,
        store_filename varchar(255) not null,
        post_id bigint,
        primary key (id)
    )
2026-01-29T14:08:26.927Z DEBUG 37289 --- [jpcard] [           main] org.hibernate.SQL                        :
    create table posts (
        id bigint generated by default as identity,
        author_name varchar(255),
        content TEXT not null,
        ip_address varchar(255),
        is_notice boolean not null,
        like_count integer not null,
        title varchar(255) not null,
        primary key (id)
    )
2026-01-29T14:08:26.931Z DEBUG 37289 --- [jpcard] [           main] org.hibernate.SQL                        :
    create table user_card_progress (
        id bigint generated by default as identity,
        ease float(53) not null,
        first_studied_at timestamp(6),
        interval_minutes integer not null,
        learning_step integer not null,
        next_review timestamp(6) not null,
        repetitions integer not null,
        status enum ('LEARNING','NEW','RELEARNING','REVIEW') not null,
        card_id bigint not null,
        user_id bigint not null,
        primary key (id)
    )
2026-01-29T14:08:26.938Z DEBUG 37289 --- [jpcard] [           main] org.hibernate.SQL                        :
    create table user_roles (
        user_id bigint not null,
        role tinyint check ((role between 0 and 2))
    )
2026-01-29T14:08:26.942Z DEBUG 37289 --- [jpcard] [           main] org.hibernate.SQL                        :
    create table users (
        id bigint generated by default as identity,
        daily_limit integer not null,
        password varchar(255) not null,
        refresh_token varchar(255),
        status enum ('ACTIVE','BANNED','INACTIVE'),
        timezone varchar(255) not null,
        username varchar(255) not null,
        primary key (id)
    )
2026-01-29T14:08:26.945Z DEBUG 37289 --- [jpcard] [           main] org.hibernate.SQL                        :
    alter table if exists user_card_progress
       drop constraint if exists UKk8fi0algfumrineh4ir6r59qa
2026-01-29T14:08:26.947Z DEBUG 37289 --- [jpcard] [           main] org.hibernate.SQL                        :
    alter table if exists user_card_progress
       add constraint UKk8fi0algfumrineh4ir6r59qa unique (user_id, card_id)
2026-01-29T14:08:26.953Z DEBUG 37289 --- [jpcard] [           main] org.hibernate.SQL                        :
    alter table if exists users
       drop constraint if exists UKr43af9ap4edm43mmtq01oddj6
2026-01-29T14:08:26.955Z DEBUG 37289 --- [jpcard] [           main] org.hibernate.SQL                        :
    alter table if exists users
       add constraint UKr43af9ap4edm43mmtq01oddj6 unique (username)
2026-01-29T14:08:26.957Z DEBUG 37289 --- [jpcard] [           main] org.hibernate.SQL                        :
    alter table if exists card_template_fields
       add constraint FKk4ngvlu5g89gpv73l6l6in6k3
       foreign key (template_id)
       references card_templates
2026-01-29T14:08:26.970Z DEBUG 37289 --- [jpcard] [           main] org.hibernate.SQL                        :
    alter table if exists card_templates
       add constraint FK864i1u5y7pt809rvkwhrr8ed5
       foreign key (user_id)
       references users
2026-01-29T14:08:26.974Z DEBUG 37289 --- [jpcard] [           main] org.hibernate.SQL                        :
    alter table if exists cards
       add constraint FKi7eg9pr1nooc66s02ht1h3ew8
       foreign key (deck_id)
       references decks
2026-01-29T14:08:26.981Z DEBUG 37289 --- [jpcard] [           main] org.hibernate.SQL                        :
    alter table if exists comments
       add constraint FKlri30okf66phtcgbe5pok7cc0
       foreign key (parent_id)
       references comments
2026-01-29T14:08:26.985Z DEBUG 37289 --- [jpcard] [           main] org.hibernate.SQL                        :
    alter table if exists comments
       add constraint FKh4c7lvsc298whoyd4w9ta25cr
       foreign key (post_id)
       references posts
2026-01-29T14:08:26.988Z DEBUG 37289 --- [jpcard] [           main] org.hibernate.SQL                        :
    alter table if exists decks
       add constraint FK8iws5yq3bkfy3tdptfo1tdn6p
       foreign key (card_template_id)
       references card_templates
2026-01-29T14:08:26.997Z DEBUG 37289 --- [jpcard] [           main] org.hibernate.SQL                        :
    alter table if exists post_attachments
       add constraint FKdwocy2l1nlf11ebpfrax6sto1
       foreign key (post_id)
       references posts
2026-01-29T14:08:27.003Z DEBUG 37289 --- [jpcard] [           main] org.hibernate.SQL                        :
    alter table if exists user_card_progress
       add constraint FK394ga84k27njiwbvs4bhlybn0
       foreign key (card_id)
       references cards
2026-01-29T14:08:27.012Z DEBUG 37289 --- [jpcard] [           main] org.hibernate.SQL                        :
    alter table if exists user_card_progress
       add constraint FKbw3njg4g785v30016ukmum62j
       foreign key (user_id)
       references users
2026-01-29T14:08:27.015Z DEBUG 37289 --- [jpcard] [           main] org.hibernate.SQL                        :
    alter table if exists user_roles
       add constraint FKhfh9dx7w3ubf1co1vdev94g3f
       foreign key (user_id)
       references users
2026-01-29T14:08:27.022Z  INFO 37289 --- [jpcard] [           main] j.LocalContainerEntityManagerFactoryBean : Initialized JPA EntityManagerFactory for persistence unit 'default'
2026-01-29T14:08:27.144Z  INFO 37289 --- [jpcard] [           main] o.s.d.j.r.query.QueryEnhancerFactories   : Hibernate is in classpath; If applicable, HQL parser will be used.
2026-01-29T14:08:29.054Z DEBUG 37289 --- [jpcard] [           main] org.hibernate.SQL                        :
    select
        count(*)
    from
        card_templates ct1_0
2026-01-29T14:08:29.101Z DEBUG 37289 --- [jpcard] [           main] org.hibernate.SQL                        :
    insert
    into
        card_templates
        (name, user_id, id)
    values
        (?, ?, default)
2026-01-29T14:08:29.129Z DEBUG 37289 --- [jpcard] [           main] org.hibernate.SQL                        :
    insert
    into
        card_template_fields
        (template_id, field_order, field_name)
    values
        (?, ?, ?)
2026-01-29T14:08:29.131Z DEBUG 37289 --- [jpcard] [           main] org.hibernate.SQL                        :
    insert
    into
        card_template_fields
        (template_id, field_order, field_name)
    values
        (?, ?, ?)
2026-01-29T14:08:29.422Z  WARN 37289 --- [jpcard] [           main] .s.a.UserDetailsServiceAutoConfiguration :

Using generated security password: 6629bd08-474a-43b6-9910-e9e5fdec8be0

This generated password is for development use only. Your security configuration must be updated before running your application in production.

2026-01-29T14:08:29.431Z  INFO 37289 --- [jpcard] [           main] r$InitializeUserDetailsManagerConfigurer : Global AuthenticationManager configured with UserDetailsService bean with name inMemoryUserDetailsManager
2026-01-29T14:08:29.605Z  WARN 37289 --- [jpcard] [           main] o.s.s.c.a.web.builders.WebSecurity       : You are asking Spring Security to ignore PathPattern [/uploads/**]. This is not recommended -- please use permitAll via HttpSecurity#authorizeHttpRequests instead.
2026-01-29T14:08:29.984Z  INFO 37289 --- [jpcard] [           main] o.s.boot.tomcat.TomcatWebServer          : Tomcat started on port 8080 (http) with context path '/'
2026-01-29T14:08:29.991Z  INFO 37289 --- [jpcard] [           main] com.jpcard.JpcardApplication             : Started JpcardApplication in 8.324 seconds (process running for 8.765)
2026-01-29T14:08:30.074Z DEBUG 37289 --- [jpcard] [           main] org.hibernate.SQL                        :
    select
        u1_0.id,
        u1_0.daily_limit,
        u1_0.password,
        u1_0.refresh_token,
        u1_0.status,
        u1_0.timezone,
        u1_0.username
    from
        users u1_0
    where
        u1_0.username=?
2026-01-29T14:08:30.207Z DEBUG 37289 --- [jpcard] [           main] org.hibernate.SQL                        :
    insert
    into
        users
        (daily_limit, password, refresh_token, status, timezone, username, id)
    values
        (?, ?, ?, ?, ?, ?, default)
2026-01-29T14:08:30.210Z DEBUG 37289 --- [jpcard] [           main] org.hibernate.SQL                        :
    insert
    into
        user_roles
        (user_id, role)
    values
        (?, ?)
2026-01-29T14:08:30.212Z DEBUG 37289 --- [jpcard] [           main] org.hibernate.SQL                        :
    insert
    into
        user_roles
        (user_id, role)
    values
        (?, ?)
Manager account created: manager / password
2026-01-29T14:10:06.502Z  INFO 37289 --- [jpcard] [nio-8080-exec-1] o.a.c.c.C.[Tomcat].[localhost].[/]       : Initializing Spring DispatcherServlet 'dispatcherServlet'
2026-01-29T14:10:06.502Z  INFO 37289 --- [jpcard] [nio-8080-exec-1] o.s.web.servlet.DispatcherServlet        : Initializing Servlet 'dispatcherServlet'
2026-01-29T14:10:06.504Z  INFO 37289 --- [jpcard] [nio-8080-exec-1] o.s.web.servlet.DispatcherServlet        : Completed initialization in 1 ms
2026-01-29T14:10:06.666Z DEBUG 37289 --- [jpcard] [nio-8080-exec-1] org.hibernate.SQL                        :
    select
        u1_0.id,
        u1_0.daily_limit,
        u1_0.password,
        u1_0.refresh_token,
        u1_0.status,
        u1_0.timezone,
        u1_0.username
    from
        users u1_0
    where
        u1_0.username=?
2026-01-29T14:10:06.673Z DEBUG 37289 --- [jpcard] [nio-8080-exec-1] org.hibernate.SQL                        :
    select
        r1_0.user_id,
        r1_0.role
    from
        user_roles r1_0
    where
        r1_0.user_id=?
2026-01-29T14:10:06.866Z DEBUG 37289 --- [jpcard] [nio-8080-exec-1] org.hibernate.SQL                        :
    update
        users
    set
        daily_limit=?,
        password=?,
        refresh_token=?,
        status=?,
        timezone=?,
        username=?
    where
        id=?
2026-01-29T14:10:52.372Z DEBUG 37289 --- [jpcard] [nio-8080-exec-2] org.hibernate.SQL                        :
    select
        u1_0.id,
        u1_0.daily_limit,
        u1_0.password,
        u1_0.refresh_token,
        u1_0.status,
        u1_0.timezone,
        u1_0.username
    from
        users u1_0
    where
        u1_0.username=?
2026-01-29T14:10:52.374Z DEBUG 37289 --- [jpcard] [nio-8080-exec-2] org.hibernate.SQL                        :
    select
        r1_0.user_id,
        r1_0.role
    from
        user_roles r1_0
    where
        r1_0.user_id=?
2026-01-29T14:10:52.498Z DEBUG 37289 --- [jpcard] [nio-8080-exec-2] org.hibernate.SQL                        :
    update
        users
    set
        daily_limit=?,
        password=?,
        refresh_token=?,
        status=?,
        timezone=?,
        username=?
    where
        id=?
